// Jest Snapshot v1, https://goo.gl/fbAQLP

exports[`BaseButton header renders without crashing 1`] = `
<ContextConsumer>
  <Component />
</ContextConsumer>
`;
